[web/html/index.html]
[backblue.gif]
[fade.gif]
[index.html]
[web/html/11.html]
[web/images/style.min76f3.css]
[web/images/theme.min76f3.css]
[web/html/index-2.html]
[web/html/index-4.html]
[web/html/index-5.html]
[web/images/styles91d5.css]
[web/images/all.min9e0b.css]
[web/images/simple-line-icons.min8d5a.css]
[web/images/magnific-popup.min8a54.css]
[web/images/slick.minaff7.css]
[web/images/style.min4c56.css]
[web/images/elementor-icons.min21f9.css]
[web/images/animations.minaeb9.css]
[web/images/frontend-legacy.minaeb9.css]
[web/images/frontend.minaeb9.css]
[web/images/post-6742653.css]
[web/images/global2653.css]
[web/images/post-536fac5.css]
[web/images/widgets76f3.css]
[web/images/jquery.min9d52.js]
[web/images/jquery-migrate.mind617.js]
[web/html/index-6.html]
[web/images/536.json]
[web/images/xmlrpc0db0.php]
[web/images/wlwmanifest.xml]
[web/images/embed14e0.json]
[web/images/embed4052]
[web/images/cropped-logo-afia.png]
[web/html/index-7.html]
[web/html/index-8.html]
[web/html/index-9.html]
[web/html/index-10.html]
[web/html/index-11.html]
[web/images/afia-300x164.jpg]
[web/html/index-12.html]
[web/html/index-13.html]
[web/images/wp-polyfill-fetch.min6e0e.js]
[web/images/wp-polyfill.min89b1.js]
[web/html/index-14.html]
[web/images/wp-polyfill-node-contains.min2e00.js]
[web/html/index-15.html]
[web/html/index-16.html]
[web/images/wp-polyfill-dom-rect.min2e00.js]
[web/html/index-17.html]
[web/images/wp-polyfill-url.min5aed.js]
[web/images/wp-polyfill-formdata.mine9bd.js]
[web/html/index-18.html]
[web/images/wp-polyfill-element-closest.min4c56.js]
[web/html/index-20.html]
[web/html/index-19.html]
[web/html/index-21.html]
[web/images/wp-polyfill-object-fit.min531b.js]
[web/images/hooks.minc5c2.js]
[web/html/index-22.html]
[web/images/i18n.min802d.js]
[web/html/index-23.html]
[web/html/index-24.html]
[web/images/lodash.mind1d1.js]
[web/images/url.min6168.js]
[web/images/api-fetch.minaef8.js]
[web/images/index91d5.js]
[web/images/imagesloaded.mineda1.js]
[web/images/magnific-popup.min4c56.js]
[web/images/lightbox.min4c56.js]
[web/images/main.min4c56.js]
[web/images/mailchimp.min76f3.js]
[web/images/apif4ec.js]
[web/images/index91d5-2.js]
[web/images/wp-embed.min76f3.js]
[web/images/webpack.runtime.minaeb9.js]
[web/images/frontend-modules.minaeb9.js]
[web/images/core.min35d0.js]
[web/images/dialog.mina288.js]
[web/images/waypoints.min05da.js]
[web/images/share-link.minaeb9.js]
[web/images/swiper.min48f5.js]
[web/html/index.html]
[web/images/preloaded-elements-handlers.minaeb9.js]
[web/images/frontend.minaeb9.js]
[web/images/default.css]
[web/html/.html]
[web/html/intro.html]
[web/html/faq.html]
[web/html/11.html]
[web/images/googlelogo_white_background_color_272x92dp.png]
[web/html/index-2.html]
[web/html/index-3.html]
[web/images/css5693.css]
[web/images/post-556f572.css]
[web/images/556.json]
[web/images/embed4516.json]
[web/images/embedd6cd]
[web/html/index-7.html]
[web/images/post-560a2bf.css]
[web/images/560.json]
[web/images/embed72b3.json]
[web/images/embed345c]
[web/html/index-8.html]
[web/images/17.json]
[web/images/embed39cb.json]
[web/images/embed99ad]
[web/html/index-9.html]
[web/images/post-6d5c5.css]
[web/images/6.json]
[web/images/embedc7ca.json]
[web/images/embed97f5]
[web/html/index-10.html]
[web/images/28.json]
[web/images/embed62b3.json]
[web/images/embed62d2]
[web/images/20190517_155942-1024x768.jpg]
[web/images/afia.jpg]
[web/images/cerv.png]
[web/images/cerv-300x192.png]
[web/html/index-11.html]
[web/images/post-3179b33.css]
[web/images/317.json]
[web/images/embed631f.json]
[web/images/embed3ddd]
[web/html/index-12.html]
[web/images/reglement13avr.pdf]
[web/images/97.json]
[web/images/embed5c31.json]
[web/html/index-13.html]
[web/images/embed1a56]
[web/images/35.json]
[web/images/embed906a.json]
[web/images/embed8fdc]
[web/images/robot-1-nkpt16m1spkoqmfm2qv4zkrujdzx5p82xa36jbcc8w.png]
[web/images/robot-voit-droite-1-nkpt4hzjwo43p3m7pogra8ndzbnjb9dzpoxuhgfcao.png]
[web/images/robot-croisement-1-nkpt6oxzur46scfiwmlf3oq3voud9u3g0jqmsp69s0.png]
[web/html/index-14.html]
[web/images/pseudocode-1.pdf]
[web/images/64.json]
[web/images/embed727a.json]
[web/html/index-15.html]
[web/images/post-31c6f3.css]
[web/images/embedac84]
[web/images/31.json]
[web/images/embedb728.json]
[web/images/embed4a9b]
[web/html/index-16.html]
[web/html/index9d91.html]
[web/images/dollars.jpg]
[web/images/post-85be2.css]
[web/images/8.json]
[web/images/embed5639.json]
[web/images/embed6fd4]
[web/images/botcontest2017-long-768x45.png]
[web/images/logo-afia.png]
[web/images/labsticc.png]
[web/images/enib.png]
[web/images/flyer-722x1024.jpg]
[web/html/index-17.html]
[web/images/123.json]
[web/images/embeddb22.json]
[web/html/index-18.html]
[web/images/post-1264c6b.css]
[web/images/embedd33b]
[web/images/126.json]
[web/images/embedcaa6.json]
[web/images/2017-a_human_guy.pdf]
[web/images/embed05ac]
[web/images/pdf_icon.png]
[web/images/2017-aop.pdf]
[web/images/2017-lepsis_team.pdf]
[web/images/2017-runners.pdf]
[web/html/index-19.html]
[web/images/post-10ca58.css]
[web/images/10.json]
[web/images/embedf549.json]
[web/images/embed6fc3]
[web/images/brain-direct.jpg]
[web/images/brain-direct-235x182.jpg]
[web/images/robots-direct.jpg]
[web/images/robots-direct-235x182.jpg]
[web/images/robots-inverse.jpg]
[web/images/robots-inverse-235x182.jpg]
[web/images/brain-inverse.jpg]
[web/images/brain-inverse-235x182.jpg]
[web/images/systematic-logo-800px.png]
[web/images/systematic-logo-800px-300x112.png]
[web/images/iut-uca.png]
[web/images/iut-uca-300x300.png]
[web/images/enib-300x143.png]
[web/html/index-20.html]
[web/images/post-1471dd.css]
[web/images/14.json]
[web/images/embedd63e.json]
[web/images/embedc863]
[web/images/la_nuit_de_l_info_2020-sujet.pdf]
[web/images/cr_nuitinfo_afia2020.pdf]
[web/images/n2i2020_affiche_s-150x150.png]
[web/images/n2i2019_affiche_m-e1575041972826.png]
[web/images/cr_nuitinfo_afia2019.pdf]
[web/images/sujet-n2i-2018.pdf]
[web/images/crnuitinfoafia2018.pdf]
[web/images/n2i_2018_carre_hd.png]
[web/images/nuitinfo2017.png]
[web/images/cr_nuitinfo_afia2017.pdf]
[web/images/sujet_n2i_2016.pdf_;]
[web/images/cr_nuitinfo_afia2016.pdf]
[web/images/nuitinfo2016-300x220.jpg]
[web/images/nuitinfo2015-1024x282.jpg]
[web/images/103_jan19.pdf]
[web/images/sujet_n2i_2015.pdf_;]
[web/images/cr_nuitinfo_afia2015.pdf]
[web/html/index-21.html]
[web/images/12.json]
[web/images/embed47a6.json]
[web/html/index-22.html]
[web/html/index-23.html]
[web/html/2020-inscription.html]
[web/html/index-24.html]
[web/html/admin-ajaxf809.html]
[web/html/.html]
[web/html/intro.html]
[web/html/faq.html]
[web/html/indexa215.html]
[web/html/index46ad.html]
[web/html/indexd8eb.html]
[web/html/index42dc.html]
[web/html/index-25.html]
[web/html/index3c55.html]
[web/html/index4ef8.html]
[web/html/indexb190.html]
[web/html/index5c90.html]
[web/html/index8cd4.html]
[web/html/indexc7e3.html]
[web/html/index2df4.html]
[web/html/indexb8c4.html]
[web/html/index4ab3.html]
[web/html/index64b4.html]
[web/html/index0b69.html]
[web/html/index678b.html]
[web/images/embed1a14]
[web/images/style.min76f3.css]
[web/images/theme.min76f3.css]
[web/html/index-6.html]
[web/images/536.json]
[web/images/styles91d5.css]
[web/images/xmlrpc0db0.php]
[web/images/fa-brands-400.eot]
[web/images/fa-brands-400.woff]
[web/images/fa-brands-400.ttf]
[web/images/fa-regular-400.eot]
[web/images/fa-regular-400d41d.eot]
[web/images/embed14e0.json]
[web/images/fa-regular-400.woff]
[web/images/embed4052]
[web/images/fa-regular-400.ttf]
[web/images/fa-solid-900.eot]
[web/images/fa-solid-900d41d.eot]
[web/images/fa-solid-900.woff]
[web/images/fa-solid-900.ttf]
[web/images/all.min9e0b.css]
[web/images/simple-line-iconsb26c.eot]
[web/images/simple-line-iconsb26c.ttf]
[web/images/simple-line-iconsb26c.woff]
[web/images/simple-line-icons.min8d5a.css]
[web/images/magnific-popup.min8a54.css]
[web/images/slick.eot]
[web/images/slick.woff]
[web/images/slick.ttf]
[web/images/slick.minaff7.css]
[web/images/style.min4c56.css]
[web/images/eiconsa481.eot]
[web/images/eiconsa481.woff]
[web/images/eiconsa481.ttf]
[web/images/elementor-icons.min21f9.css]
[web/images/animations.minaeb9.css]
[web/images/frontend-legacy.minaeb9.css]
[web/images/frontend.minaeb9.css]
[web/images/apif4ec.js]
[web/images/post-6742653.css]
[web/images/global2653.css]
[web/images/poemes.jpg]
[web/images/post-536fac5.css]
[web/images/556.json]
[web/images/95_jan17-.pdf]
[web/images/instagram-logo.png]
[web/images/embed4516.json]
[web/images/flickr.png]
[web/images/widgets76f3.css]
[web/images/560.json]
[web/html/index-7.html]
[web/images/embed72b3.json]
[web/images/6.json]
[web/images/28.json]
[web/images/embed62b3.json]
[web/html/admin-ajaxf809.html]
[web/images/embed62d2]
[web/images/317.json]
[web/images/embed631f.json]
[web/images/embed3ddd]
[web/images/embed5c31.json]
[web/images/97.json]
[web/images/embed1a56]
[web/images/embed906a.json]
[web/images/35.json]
[web/images/embed8fdc]
[web/images/default.css]
[web/images/post-556f572.css]
[web/html/indexa215.html]
[web/images/64.json]
[web/images/embed727a.json]
[web/images/embedd6cd]
[web/images/31.json]
[web/images/embedac84]
[web/images/post-560a2bf.css]
[web/html/index46ad.html]
[web/images/embedb728.json]
[web/images/embed4a9b]
[web/images/embed345c]
[web/images/8.json]
[web/images/img_4075-1.jpg]
[web/images/embed5639.json]
[web/images/post-6d5c5.css]
[web/html/index42dc.html]
[web/html/index3c55.html]
[web/images/post-3179b33.css]
[web/html/index4ef8.html]
[web/html/indexb190.html]
[web/images/embed6fd4]
[web/html/index5c90.html]
[web/html/index8cd4.html]
[web/images/post-31c6f3.css]
[web/html/indexc7e3.html]
[web/images/post-85be2.css]
[web/html/index2df4.html]
[web/images/123.json]
[web/html/indexb8c4.html]
[web/images/post-1264c6b.css]
[web/html/index4ab3.html]
[web/images/126.json]
[web/images/10.json]
[web/images/post-10ca58.css]
[web/html/index64b4.html]
[web/images/embedd63e.json]
[web/images/post-1471dd.css]
[web/images/14.json]
[web/html/index0b69.html]
[web/images/embedc863]
[web/html/sujets_la_nuit_de_l_info_2017_-_sujet.html]
[web/images/12.json]
[web/images/embed47a6.json]
[web/images/fa-brands-400d41d.eot]
[web/images/slickd41d.eot]
[web/images/91_jan16.pdf]
[web/html/index678b.html]
[web/images/embed1a14]
[web/html/fa-brands-400.html]
[web/images/fa-brands-400.svg]
[web/html/fa-regular-400.html]
[web/images/fa-regular-400.svg]
[web/html/fa-solid-900.html]
[web/images/fa-solid-900.svg]
[web/html/simple-line-iconsb26c.html]
[web/images/simple-line-iconsb26c.svg]
[web/images/slick.svg]
[web/html/eiconsa481.html]
[web/images/eiconsa481.svg]
